         ps       /controlunit_tb/clk_tb  /controlunit_tb/done_tb  /controlunit_tb/jnc_tb  /controlunit_tb/Zflag_tb  /controlunit_tb/Mem_in_tb  /controlunit_tb/RFout_tb    /controlunit_tb/PCsel_tb                                                           
          delta     /controlunit_tb/rst_tb   /controlunit_tb/add_tb  /controlunit_tb/andf_tb  /controlunit_tb/Nflag_tb             /controlunit_tb/Cout_tb  /controlunit_tb/IRin_tb  /controlunit_tb/Rfaddr_tb                                                 
                       /controlunit_tb/st_tb   /controlunit_tb/sub_tb   /controlunit_tb/orf_tb     /controlunit_tb/ena_tb             /controlunit_tb/Cin_tb  /controlunit_tb/PCin_tb        /controlunit_tb/OPC_tb                                            
                         /controlunit_tb/ld_tb   /controlunit_tb/jmp_tb  /controlunit_tb/xorf_tb     /controlunit_tb/Mem_wr_tb             /controlunit_tb/Ain_tb  /controlunit_tb/Imm1_in_tb  /controlunit_tb/done_FSM_tb                                     
                          /controlunit_tb/mov_tb    /controlunit_tb/jc_tb  /controlunit_tb/Cflag_tb    /controlunit_tb/Mem_out_tb             /controlunit_tb/RFin_tb  /controlunit_tb/Imm2_in_tb                                                              
          0  +2                        1 1 0 0 0                0 0 0 0 0               0  0 0 0  0               0  0  0    0  0            0           0 0    0   0  0          0 1       0   0 10        11 0000      0 
       5000  +1                        0 1 0 0 0                0 0 0 0 0               0  0 0 0  0               0  0  0    0  0            0           0 0    0   0  0          0 1       0   0 10        11 0000      0 
      10000  +1                        1 1 0 0 0                0 0 0 0 0               0  0 0 0  0               0  0  0    0  0            0           0 0    0   0  0          0 1       0   0 10        11 0000      0 
      15000  +1                        0 1 0 0 0                0 0 0 0 0               0  0 0 0  0               0  0  0    0  0            0           0 0    0   0  0          0 1       0   0 10        11 0000      0 
      20000  +3                        1 0 0 0 0                0 0 0 0 0               0  0 0 0  0               0  0  1    0  0            0           0 0    0   0  0          1 0       0   0 00        11 0000      0 
      25000  +1                        0 0 0 0 0                0 0 0 0 0               0  0 0 0  0               0  0  1    0  0            0           0 0    0   0  0          1 0       0   0 00        11 0000      0 
      30000  +3                        1 0 0 0 0                0 0 0 0 0               0  0 0 0  0               0  0  1    0  0            0           0 0    0   0  0          0 0       0   0 00        00 0000      0 
      35000  +1                        0 0 0 0 0                0 0 0 0 0               0  0 0 0  0               0  0  1    0  0            0           0 0    0   0  0          0 0       0   0 00        00 0000      0 
      40000  +3                        1 0 0 0 1                0 0 0 0 0               0  0 0 0  0               0  0  1    0  0            0           0 0    0   0  0          1 0       0   0 00        11 0000      0 
      45000  +1                        0 0 0 0 1                0 0 0 0 0               0  0 0 0  0               0  0  1    0  0            0           0 0    0   0  0          1 0       0   0 00        11 0000      0 
      50000  +3                        1 0 0 0 1                0 0 0 0 0               0  0 0 0  0               0  0  1    0  0            0           0 0    0   0  0          0 0       0   0 00        00 0000      0 
      55000  +1                        0 0 0 0 1                0 0 0 0 0               0  0 0 0  0               0  0  1    0  0            0           0 0    0   0  0          0 0       0   0 00        00 0000      0 
      60000  +3                        1 0 0 0 1                0 0 0 0 0               0  0 0 0  0               0  0  1    0  0            0           0 0    0   1  0          0 1       1   0 00        10 0000      0 
      65000  +1                        0 0 0 0 1                0 0 0 0 0               0  0 0 0  0               0  0  1    0  0            0           0 0    0   1  0          0 1       1   0 00        10 0000      0 
      70000  +3                        1 0 0 0 0                0 0 0 0 0               0  0 0 0  0               0  0  1    0  0            0           0 0    0   0  0          1 0       0   0 00        11 0000      0 
      75000  +1                        0 0 0 0 0                0 0 0 0 0               0  0 0 0  0               0  0  1    0  0            0           0 0    0   0  0          1 0       0   0 00        11 0000      0 
      80000  +3                        1 0 0 0 0                0 0 0 0 0               0  0 0 0  0               0  0  1    0  0            0           0 0    0   0  0          0 0       0   0 00        00 0000      0 
      85000  +1                        0 0 0 0 0                0 0 0 0 0               0  0 0 0  0               0  0  1    0  0            0           0 0    0   0  0          0 0       0   0 00        00 0000      0 
      90000  +3                        1 0 0 0 0                0 1 0 0 0               0  0 0 0  0               0  0  1    0  0            0           0 0    0   0  0          1 0       0   0 00        11 0000      0 
      95000  +1                        0 0 0 0 0                0 1 0 0 0               0  0 0 0  0               0  0  1    0  0            0           0 0    0   0  0          1 0       0   0 00        11 0000      0 
     100000  +3                        1 0 0 0 0                0 1 0 0 0               0  0 0 0  0               0  0  1    0  0            0           0 0    1   0  1          0 0       0   0 00        00 0000      0 
     105000  +1                        0 0 0 0 0                0 1 0 0 0               0  0 0 0  0               0  0  1    0  0            0           0 0    1   0  1          0 0       0   0 00        00 0000      0 
     110000  +3                        1 0 0 0 0                0 1 0 0 0               0  0 0 0  0               0  0  1    0  0            0           0 1    0   0  1          0 0       0   0 00        01 0000      0 
     115000  +1                        0 0 0 0 0                0 1 0 0 0               0  0 0 0  0               0  0  1    0  0            0           0 1    0   0  1          0 0       0   0 00        01 0000      0 
     120000  +3                        1 0 0 0 0                0 1 0 0 0               0  0 0 0  0               0  0  1    0  0            0           1 0    0   1  0          0 1       0   0 00        10 0000      0 
     125000  +1                        0 0 0 0 0                0 1 0 0 0               0  0 0 0  0               0  0  1    0  0            0           1 0    0   1  0          0 1       0   0 00        10 0000      0 
     130000  +3                        1 0 0 0 0                0 0 0 0 0               0  0 0 0  0               0  0  1    0  0            0           0 0    0   0  0          1 0       0   0 00        11 0000      0 
     135000  +1                        0 0 0 0 0                0 0 0 0 0               0  0 0 0  0               0  0  1    0  0            0           0 0    0   0  0          1 0       0   0 00        11 0000      0 
     140000  +3                        1 0 0 0 0                0 0 0 0 0               0  0 0 0  0               0  0  1    0  0            0           0 0    0   0  0          0 0       0   0 00        00 0000      0 
     145000  +1                        0 0 0 0 0                0 0 0 0 0               0  0 0 0  0               0  0  1    0  0            0           0 0    0   0  0          0 0       0   0 00        00 0000      0 
     150000  +3                        1 0 0 0 0                0 0 1 0 0               0  0 0 0  0               0  0  1    0  0            0           0 0    0   0  0          1 0       0   0 00        11 0000      0 
     155000  +1                        0 0 0 0 0                0 0 1 0 0               0  0 0 0  0               0  0  1    0  0            0           0 0    0   0  0          1 0       0   0 00        11 0000      0 
     160000  +3                        1 0 0 0 0                0 0 1 0 0               0  0 0 0  0               0  0  1    0  0            0           0 0    1   0  1          0 0       0   0 00        00 0000      0 
     165000  +1                        0 0 0 0 0                0 0 1 0 0               0  0 0 0  0               0  0  1    0  0            0           0 0    1   0  1          0 0       0   0 00        00 0000      0 
     170000  +3                        1 0 0 0 0                0 0 1 0 0               0  0 0 0  0               0  0  1    0  0            0           0 1    0   0  1          0 0       0   0 00        01 0001      0 
     175000  +1                        0 0 0 0 0                0 0 1 0 0               0  0 0 0  0               0  0  1    0  0            0           0 1    0   0  1          0 0       0   0 00        01 0001      0 
     180000  +3                        1 0 0 0 0                0 0 1 0 0               0  0 0 0  0               0  0  1    0  0            0           1 0    0   1  0          0 1       0   0 00        10 0000      0 
     185000  +1                        0 0 0 0 0                0 0 1 0 0               0  0 0 0  0               0  0  1    0  0            0           1 0    0   1  0          0 1       0   0 00        10 0000      0 
     190000  +3                        1 0 0 0 0                0 0 0 0 0               0  0 0 0  0               0  0  1    0  0            0           0 0    0   0  0          1 0       0   0 00        11 0000      0 
     195000  +1                        0 0 0 0 0                0 0 0 0 0               0  0 0 0  0               0  0  1    0  0            0           0 0    0   0  0          1 0       0   0 00        11 0000      0 
     200000  +3                        1 0 0 0 0                0 0 0 0 0               0  0 0 0  0               0  0  1    0  0            0           0 0    0   0  0          0 0       0   0 00        00 0000      0 
     205000  +1                        0 0 0 0 0                0 0 0 0 0               0  0 0 0  0               0  0  1    0  0            0           0 0    0   0  0          0 0       0   0 00        00 0000      0 
     210000  +3                        1 0 0 0 0                0 0 0 1 0               0  0 0 0  0               0  0  1    0  0            0           0 0    0   0  0          1 0       0   0 00        11 0000      0 
     215000  +1                        0 0 0 0 0                0 0 0 1 0               0  0 0 0  0               0  0  1    0  0            0           0 0    0   0  0          1 0       0   0 00        11 0000      0 
     220000  +3                        1 0 0 0 0                0 0 0 1 0               0  0 0 0  0               0  0  1    0  0            0           0 0    0   0  0          0 1       0   0 01        00 0000      0 
     225000  +1                        0 0 0 0 0                0 0 0 1 0               0  0 0 0  0               0  0  1    0  0            0           0 0    0   0  0          0 1       0   0 01        00 0000      0 
     230000  +3                        1 0 0 0 0                0 0 0 0 0               0  0 0 0  0               0  0  1    0  0            0           0 0    0   0  0          1 0       0   0 00        11 0000      0 
     235000  +1                        0 0 0 0 0                0 0 0 0 0               0  0 0 0  0               0  0  1    0  0            0           0 0    0   0  0          1 0       0   0 00        11 0000      0 
     240000  +3                        1 0 0 0 0                0 0 0 0 0               0  0 0 0  0               0  0  1    0  0            0           0 0    0   0  0          0 0       0   0 00        00 0000      0 
     245000  +1                        0 0 0 0 0                0 0 0 0 0               0  0 0 0  0               0  0  1    0  0            0           0 0    0   0  0          0 0       0   0 00        00 0000      0 
     250000  +3                        1 0 0 0 0                0 0 0 0 1               0  0 0 0  1               0  0  1    0  0            0           0 0    0   0  0          1 0       0   0 00        11 0000      0 
     255000  +1                        0 0 0 0 0                0 0 0 0 1               0  0 0 0  1               0  0  1    0  0            0           0 0    0   0  0          1 0       0   0 00        11 0000      0 
     260000  +3                        1 0 0 0 0                0 0 0 0 1               0  0 0 0  1               0  0  1    0  0            0           0 0    0   0  0          0 1       0   0 01        00 0000      0 
     265000  +1                        0 0 0 0 0                0 0 0 0 1               0  0 0 0  1               0  0  1    0  0            0           0 0    0   0  0          0 1       0   0 01        00 0000      0 
     270000  +3                        1 0 0 0 0                0 0 0 0 0               0  0 0 0  0               0  0  1    0  0            0           0 0    0   0  0          1 0       0   0 00        11 0000      0 
     275000  +1                        0 0 0 0 0                0 0 0 0 0               0  0 0 0  0               0  0  1    0  0            0           0 0    0   0  0          1 0       0   0 00        11 0000      0 
     280000  +3                        1 0 0 0 0                0 0 0 0 0               0  0 0 0  0               0  0  1    0  0            0           0 0    0   0  0          0 0       0   0 00        00 0000      0 
     285000  +1                        0 0 0 0 0                0 0 0 0 0               0  0 0 0  0               0  0  1    0  0            0           0 0    0   0  0          0 0       0   0 00        00 0000      0 
     290000  +3                        1 0 0 0 0                0 0 0 0 0               1  0 0 0  0               0  0  1    0  0            0           0 0    0   0  0          1 0       0   0 00        11 0000      0 
     295000  +1                        0 0 0 0 0                0 0 0 0 0               1  0 0 0  0               0  0  1    0  0            0           0 0    0   0  0          1 0       0   0 00        11 0000      0 
     300000  +3                        1 0 0 0 0                0 0 0 0 0               1  0 0 0  0               0  0  1    0  0            0           0 0    0   0  0          0 1       0   0 01        00 0000      0 
     305000  +1                        0 0 0 0 0                0 0 0 0 0               1  0 0 0  0               0  0  1    0  0            0           0 0    0   0  0          0 1       0   0 01        00 0000      0 
     310000  +3                        1 0 0 0 0                0 0 0 0 0               0  0 0 0  0               0  0  1    0  0            0           0 0    0   0  0          1 0       0   0 00        11 0000      0 
     315000  +1                        0 0 0 0 0                0 0 0 0 0               0  0 0 0  0               0  0  1    0  0            0           0 0    0   0  0          1 0       0   0 00        11 0000      0 
     320000  +3                        1 0 0 0 0                0 0 0 0 0               0  0 0 0  0               0  0  1    0  0            0           0 0    0   0  0          0 0       0   0 00        00 0000      0 
     325000  +1                        0 0 0 0 0                0 0 0 0 0               0  0 0 0  0               0  0  1    0  0            0           0 0    0   0  0          0 0       0   0 00        00 0000      0 
     330000  +3                        1 0 0 0 0                0 0 0 0 0               0  1 0 0  0               0  0  1    0  0            0           0 0    0   0  0          1 0       0   0 00        11 0000      0 
     335000  +1                        0 0 0 0 0                0 0 0 0 0               0  1 0 0  0               0  0  1    0  0            0           0 0    0   0  0          1 0       0   0 00        11 0000      0 
     340000  +3                        1 0 0 0 0                0 0 0 0 0               0  1 0 0  0               0  0  1    0  0            0           0 0    1   0  1          0 0       0   0 00        00 0000      0 
     345000  +1                        0 0 0 0 0                0 0 0 0 0               0  1 0 0  0               0  0  1    0  0            0           0 0    1   0  1          0 0       0   0 00        00 0000      0 
     350000  +3                        1 0 0 0 0                0 0 0 0 0               0  1 0 0  0               0  0  1    0  0            0           0 1    0   0  1          0 0       0   0 00        01 0010      0 
     355000  +1                        0 0 0 0 0                0 0 0 0 0               0  1 0 0  0               0  0  1    0  0            0           0 1    0   0  1          0 0       0   0 00        01 0010      0 
     360000  +3                        1 0 0 0 0                0 0 0 0 0               0  1 0 0  0               0  0  1    0  0            0           1 0    0   1  0          0 1       0   0 00        10 0000      0 
     365000  +1                        0 0 0 0 0                0 0 0 0 0               0  1 0 0  0               0  0  1    0  0            0           1 0    0   1  0          0 1       0   0 00        10 0000      0 
     370000  +3                        1 0 0 0 0                0 0 0 0 0               0  0 0 0  0               0  0  1    0  0            0           0 0    0   0  0          1 0       0   0 00        11 0000      0 
     375000  +1                        0 0 0 0 0                0 0 0 0 0               0  0 0 0  0               0  0  1    0  0            0           0 0    0   0  0          1 0       0   0 00        11 0000      0 
     380000  +3                        1 0 0 0 0                0 0 0 0 0               0  0 0 0  0               0  0  1    0  0            0           0 0    0   0  0          0 0       0   0 00        00 0000      0 
     385000  +1                        0 0 0 0 0                0 0 0 0 0               0  0 0 0  0               0  0  1    0  0            0           0 0    0   0  0          0 0       0   0 00        00 0000      0 
     390000  +3                        1 0 0 0 0                0 0 0 0 0               0  0 1 0  0               0  0  1    0  0            0           0 0    0   0  0          1 0       0   0 00        11 0000      0 
     395000  +1                        0 0 0 0 0                0 0 0 0 0               0  0 1 0  0               0  0  1    0  0            0           0 0    0   0  0          1 0       0   0 00        11 0000      0 
     400000  +3                        1 0 0 0 0                0 0 0 0 0               0  0 1 0  0               0  0  1    0  0            0           0 0    1   0  1          0 0       0   0 00        00 0000      0 
     405000  +1                        0 0 0 0 0                0 0 0 0 0               0  0 1 0  0               0  0  1    0  0            0           0 0    1   0  1          0 0       0   0 00        00 0000      0 
     410000  +3                        1 0 0 0 0                0 0 0 0 0               0  0 1 0  0               0  0  1    0  0            0           0 1    0   0  1          0 0       0   0 00        01 0011      0 
     415000  +1                        0 0 0 0 0                0 0 0 0 0               0  0 1 0  0               0  0  1    0  0            0           0 1    0   0  1          0 0       0   0 00        01 0011      0 
     420000  +3                        1 0 0 0 0                0 0 0 0 0               0  0 1 0  0               0  0  1    0  0            0           1 0    0   1  0          0 1       0   0 00        10 0000      0 
     425000  +1                        0 0 0 0 0                0 0 0 0 0               0  0 1 0  0               0  0  1    0  0            0           1 0    0   1  0          0 1       0   0 00        10 0000      0 
     430000  +3                        1 0 0 0 0                0 0 0 0 0               0  0 0 0  0               0  0  1    0  0            0           0 0    0   0  0          1 0       0   0 00        11 0000      0 
     435000  +1                        0 0 0 0 0                0 0 0 0 0               0  0 0 0  0               0  0  1    0  0            0           0 0    0   0  0          1 0       0   0 00        11 0000      0 
     440000  +3                        1 0 0 0 0                0 0 0 0 0               0  0 0 0  0               0  0  1    0  0            0           0 0    0   0  0          0 0       0   0 00        00 0000      0 
     445000  +1                        0 0 0 0 0                0 0 0 0 0               0  0 0 0  0               0  0  1    0  0            0           0 0    0   0  0          0 0       0   0 00        00 0000      0 
     450000  +3                        1 0 0 0 0                0 0 0 0 0               0  0 0 1  0               0  0  1    0  0            0           0 0    0   0  0          1 0       0   0 00        11 0000      0 
     455000  +1                        0 0 0 0 0                0 0 0 0 0               0  0 0 1  0               0  0  1    0  0            0           0 0    0   0  0          1 0       0   0 00        11 0000      0 
     460000  +3                        1 0 0 0 0                0 0 0 0 0               0  0 0 1  0               0  0  1    0  0            0           0 0    1   0  1          0 0       0   0 00        00 0000      0 
     465000  +1                        0 0 0 0 0                0 0 0 0 0               0  0 0 1  0               0  0  1    0  0            0           0 0    1   0  1          0 0       0   0 00        00 0000      0 
     470000  +3                        1 0 0 0 0                0 0 0 0 0               0  0 0 1  0               0  0  1    0  0            0           0 1    0   0  1          0 0       0   0 00        01 0100      0 
     475000  +1                        0 0 0 0 0                0 0 0 0 0               0  0 0 1  0               0  0  1    0  0            0           0 1    0   0  1          0 0       0   0 00        01 0100      0 
     480000  +3                        1 0 0 0 0                0 0 0 0 0               0  0 0 1  0               0  0  1    0  0            0           1 0    0   1  0          0 1       0   0 00        10 0000      0 
     485000  +1                        0 0 0 0 0                0 0 0 0 0               0  0 0 1  0               0  0  1    0  0            0           1 0    0   1  0          0 1       0   0 00        10 0000      0 
     490000  +3                        1 0 0 0 0                0 0 0 0 0               0  0 0 0  0               0  0  1    0  0            0           0 0    0   0  0          1 0       0   0 00        11 0000      0 
     495000  +1                        0 0 0 0 0                0 0 0 0 0               0  0 0 0  0               0  0  1    0  0            0           0 0    0   0  0          1 0       0   0 00        11 0000      0 
     500000  +3                        1 0 0 0 0                0 0 0 0 0               0  0 0 0  0               0  0  1    0  0            0           0 0    0   0  0          0 0       0   0 00        00 0000      0 
     505000  +1                        0 0 0 0 0                0 0 0 0 0               0  0 0 0  0               0  0  1    0  0            0           0 0    0   0  0          0 0       0   0 00        00 0000      0 
     510000  +3                        1 0 0 1 0                0 0 0 0 0               0  0 0 0  0               0  0  1    0  0            0           0 0    0   0  0          1 0       0   0 00        11 0000      0 
     515000  +1                        0 0 0 1 0                0 0 0 0 0               0  0 0 0  0               0  0  1    0  0            0           0 0    0   0  0          1 0       0   0 00        11 0000      0 
     520000  +3                        1 0 0 1 0                0 0 0 0 0               0  0 0 0  0               0  0  1    0  0            0           0 0    1   0  0          0 0       0   1 00        00 0000      0 
     525000  +1                        0 0 0 1 0                0 0 0 0 0               0  0 0 0  0               0  0  1    0  0            0           0 0    1   0  0          0 0       0   1 00        00 0000      0 
     530000  +3                        1 0 0 1 0                0 0 0 0 0               0  0 0 0  0               0  0  1    0  0            0           0 1    0   0  1          0 0       0   0 00        01 0000      0 
     535000  +1                        0 0 0 1 0                0 0 0 0 0               0  0 0 0  0               0  0  1    0  0            0           0 1    0   0  1          0 0       0   0 00        01 0000      0 
     540000  +3                        1 0 0 1 0                0 0 0 0 0               0  0 0 0  0               0  0  1    0  1            0           1 0    0   1  0          0 1       0   0 00        10 0000      0 
     545000  +1                        0 0 0 1 0                0 0 0 0 0               0  0 0 0  0               0  0  1    0  1            0           1 0    0   1  0          0 1       0   0 00        10 0000      0 
     550000  +3                        1 0 0 0 0                0 0 0 0 0               0  0 0 0  0               0  0  1    0  0            0           0 0    0   0  0          1 0       0   0 00        11 0000      0 
     555000  +1                        0 0 0 0 0                0 0 0 0 0               0  0 0 0  0               0  0  1    0  0            0           0 0    0   0  0          1 0       0   0 00        11 0000      0 
     560000  +3                        1 0 0 0 0                0 0 0 0 0               0  0 0 0  0               0  0  1    0  0            0           0 0    0   0  0          0 0       0   0 00        00 0000      0 
     565000  +1                        0 0 0 0 0                0 0 0 0 0               0  0 0 0  0               0  0  1    0  0            0           0 0    0   0  0          0 0       0   0 00        00 0000      0 
     570000  +3                        1 0 1 0 0                0 0 0 0 0               0  0 0 0  0               0  0  1    0  0            0           0 0    0   0  0          1 0       0   0 00        11 0000      0 
     575000  +1                        0 0 1 0 0                0 0 0 0 0               0  0 0 0  0               0  0  1    0  0            0           0 0    0   0  0          1 0       0   0 00        11 0000      0 
     580000  +3                        1 0 1 0 0                0 0 0 0 0               0  0 0 0  0               0  0  1    0  0            0           0 0    1   0  0          0 0       0   1 00        00 0000      0 
     585000  +1                        0 0 1 0 0                0 0 0 0 0               0  0 0 0  0               0  0  1    0  0            0           0 0    1   0  0          0 0       0   1 00        00 0000      0 
     590000  +3                        1 0 1 0 0                0 0 0 0 0               0  0 0 0  0               0  0  1    0  0            0           0 1    0   0  1          0 0       0   0 00        01 0000      0 
     595000  +1                        0 0 1 0 0                0 0 0 0 0               0  0 0 0  0               0  0  1    0  0            0           0 1    0   0  1          0 0       0   0 00        01 0000      0 
     600000  +3                        1 0 1 0 0                0 0 0 0 0               0  0 0 0  0               0  0  1    1  0            0           1 0    0   0  1          0 1       0   0 00        10 0000      0 
     605000  +1                        0 0 1 0 0                0 0 0 0 0               0  0 0 0  0               0  0  1    1  0            0           1 0    0   0  1          0 1       0   0 00        10 0000      0 
     610000  +3                        1 0 0 0 0                0 0 0 0 0               0  0 0 0  0               0  0  1    0  0            0           0 0    0   0  0          1 0       0   0 00        11 0000      0 
     615000  +1                        0 0 0 0 0                0 0 0 0 0               0  0 0 0  0               0  0  1    0  0            0           0 0    0   0  0          1 0       0   0 00        11 0000      0 
     620000  +3                        1 0 0 0 0                0 0 0 0 0               0  0 0 0  0               0  0  1    0  0            0           0 0    0   0  0          0 0       0   0 00        00 0000      0 
     625000  +1                        0 0 0 0 0                0 0 0 0 0               0  0 0 0  0               0  0  1    0  0            0           0 0    0   0  0          0 0       0   0 00        00 0000      0 
     630000  +3                        1 0 0 0 0                1 0 0 0 0               0  0 0 0  0               0  0  1    0  0            0           0 0    0   0  0          1 0       0   0 00        11 0000      0 
     635000  +1                        0 0 0 0 0                1 0 0 0 0               0  0 0 0  0               0  0  1    0  0            0           0 0    0   0  0          1 0       0   0 00        11 0000      0 
     640000  +3                        1 0 0 0 0                1 0 0 0 0               0  0 0 0  0               0  0  1    0  0            0           0 0    0   0  0          0 1       0   0 00        00 0000      1 
     645000  +1                        0 0 0 0 0                1 0 0 0 0               0  0 0 0  0               0  0  1    0  0            0           0 0    0   0  0          0 1       0   0 00        00 0000      1 
     650000  +3                        1 0 0 0 0                0 0 0 0 0               0  0 0 0  0               0  0  1    0  0            0           0 0    0   0  0          0 1       0   0 10        11 0000      0 
     655000  +1                        0 0 0 0 0                0 0 0 0 0               0  0 0 0  0               0  0  1    0  0            0           0 0    0   0  0          0 1       0   0 10        11 0000      0 
     660000  +3                        1 0 0 0 0                0 0 0 0 0               0  0 0 0  0               0  0  1    0  0            0           0 0    0   0  0          1 0       0   0 00        11 0000      0 
     665000  +1                        0 0 0 0 0                0 0 0 0 0               0  0 0 0  0               0  0  1    0  0            0           0 0    0   0  0          1 0       0   0 00        11 0000      0 
     670000  +3                        1 0 0 0 0                0 0 0 0 0               0  0 0 0  0               0  0  1    0  0            0           0 0    0   0  0          0 0       0   0 00        00 0000      0 
     675000  +1                        0 0 0 0 0                0 0 0 0 0               0  0 0 0  0               0  0  1    0  0            0           0 0    0   0  0          0 0       0   0 00        00 0000      0 
     680000  +3                        1 0 0 0 0                0 0 0 0 0               0  0 0 0  0               0  0  1    0  0            0           0 0    0   0  0          1 0       0   0 00        11 0000      0 
     685000  +1                        0 0 0 0 0                0 0 0 0 0               0  0 0 0  0               0  0  1    0  0            0           0 0    0   0  0          1 0       0   0 00        11 0000      0 
     690000  +3                        1 0 0 0 0                0 0 0 0 0               0  0 0 0  0               0  0  1    0  0            0           0 0    0   0  0          0 0       0   0 00        00 0000      0 
     695000  +1                        0 0 0 0 0                0 0 0 0 0               0  0 0 0  0               0  0  1    0  0            0           0 0    0   0  0          0 0       0   0 00        00 0000      0 
     700000  +1                        1 0 0 0 0                0 0 0 0 0               0  0 0 0  0               0  0  1    0  0            0           0 0    0   0  0          1 0       0   0 00        11 0000      0 
